\BOOKMARK [1][-]{section.1}{\376\377\225\356\230\230\200\314\146\157\116\016\116\373\122\241\133\232\116\111}{}% 1
\BOOKMARK [2][-]{subsection.1.1}{\376\377\217\223\121\145\060\001\217\223\121\372\116\016\145\160\143\156\226\120\122\066}{section.1}% 2
\BOOKMARK [2][-]{subsection.1.2}{\376\377\213\304\116\367\143\007\150\007}{section.1}% 3
\BOOKMARK [1][-]{section.2}{\376\377\000v\000m\000\137\000s\000t\000r\000o\000n\000g\000\040\116\343\170\001\150\106\147\266\116\016\145\164\117\123\155\101\172\013}{}% 4
\BOOKMARK [2][-]{subsection.2.1}{\376\377\000G\000i\000t\000\040\157\024\123\026\116\016\236\330\213\244\121\145\123\343}{section.2}% 5
\BOOKMARK [2][-]{subsection.2.2}{\376\377\221\115\177\156\123\026\152\041\127\127\122\022\122\006}{section.2}% 6
\BOOKMARK [2][-]{subsection.2.3}{\376\377\172\357\122\060\172\357\145\160\143\156\155\101}{section.2}% 7
\BOOKMARK [1][-]{section.3}{\376\377\152\041\127\213\176\323\147\204}{}% 8
\BOOKMARK [2][-]{subsection.3.1}{\376\377\122\250\140\001\217\271\123\167\171\357\162\171\137\201\143\320\123\326}{section.3}% 9
\BOOKMARK [2][-]{subsection.3.2}{\376\377\121\150\134\100\040\024\134\100\220\350\207\215\124\010\116\016\117\115\171\373\211\343\170\001}{section.3}% 10
\BOOKMARK [1][-]{section.4}{\376\377\213\255\176\303\173\126\165\145}{}% 11
\BOOKMARK [2][-]{subsection.4.1}{\376\377\177\121\150\074\221\307\150\067\116\016\126\152\130\360\124\010\142\020}{section.4}% 12
\BOOKMARK [2][-]{subsection.4.2}{\376\377\226\217\147\072\155\367\124\010\162\266\140\001\116\016\117\115\171\373\166\321\167\143}{section.4}% 13
\BOOKMARK [2][-]{subsection.4.3}{\376\377\200\124\124\010\143\137\131\061}{section.4}% 14
\BOOKMARK [1][-]{section.5}{\376\377\143\250\164\006\116\016\124\016\131\004\164\006}{}% 15
\BOOKMARK [1][-]{section.6}{\376\377\142\200\147\057\215\041\163\056\116\016\135\345\172\013\145\071\217\333}{}% 16
\BOOKMARK [1][-]{section.7}{\376\377\133\236\232\214\176\323\147\234\116\016\122\006\147\220}{}% 17
\BOOKMARK [2][-]{subsection.7.1}{\376\377\000b\000a\000s\000e\000l\000i\000n\000e\000\040\116\016\000\040\000v\000m\000\137\000s\000t\000r\000o\000n\000g\000\040\221\115\177\156\133\371\153\324}{section.7}% 18
\BOOKMARK [2][-]{subsection.7.2}{\376\377\116\221\172\357\213\255\176\303\060\001\145\345\137\327\116\016\220\011\152\041\155\101\172\013}{section.7}% 19
\BOOKMARK [2][-]{subsection.7.3}{\376\377\213\255\176\303\146\362\176\277\116\016\145\345\137\327\122\006\147\220}{section.7}% 20
\BOOKMARK [2][-]{subsection.7.4}{\376\377\143\320\116\244\123\005\133\214\145\164\140\047\116\016\147\000\176\310\142\020\176\351}{section.7}% 21
\BOOKMARK [1][-]{section.8}{\376\377\134\100\226\120\060\001\143\242\175\042\140\047\122\006\145\057\116\016\147\052\147\145\135\345\117\134}{}% 22
\BOOKMARK [2][-]{subsection.8.1}{\376\377\137\123\122\115\145\271\150\110\166\204\134\100\226\120}{section.8}% 23
\BOOKMARK [2][-]{subsection.8.2}{\376\377\135\362\133\236\163\260\117\106\147\052\117\134\116\072\147\000\176\310\145\271\150\110\166\204\143\242\175\042}{section.8}% 24
\BOOKMARK [1][-]{section.9}{\376\377\226\037\117\015\122\006\135\345}{}% 25
\BOOKMARK [1][-]{section.10}{\376\377\140\073\176\323}{}% 26
\BOOKMARK [1][-]{appendix.A}{\376\377\131\015\163\260\133\236\232\214\116\016\142\245\124\112\177\026\213\321}{}% 27
